// Jest Snapshot v1, https://goo.gl/fbAQLP

exports[`MyComponent should render correctly in "debug" mode 1`] = `
<ContextProvider
  debug={true}
  value={
    Object {
      "form": Form {
        "context": Object {},
        "get": [Function],
        "next": [Function],
        "nodes": Array [],
        "props": Object {
          "debug": true,
        },
        "refs": Object {},
        "register": [Function],
        "setState": [Function],
        "state": Object {},
        "submit": [Function],
        "update": [Function],
        "updater": Updater {
          "_callbacks": Array [],
          "_renderer": ReactShallowRenderer {
            "_context": Object {},
            "_element": <Form
              debug={true}
            />,
            "_forcedUpdate": false,
            "_instance": [Circular],
            "_newState": null,
            "_rendered": <Context.Provider
              debug={true}
              value={[Circular]}
            />,
            "_rendering": false,
            "_updater": [Circular],
          },
        },
        Symbol(enzyme.__setState__): [Function],
      },
      "state": Object {},
    }
  }
/>
`;
